// Jest Snapshot v1, https://goo.gl/fbAQLP

exports[`Footer Component has to match snap 1`] = `
<footer
  className="flex items-center justify-around py-20 text-white border-t border-yellow mt-10"
>
  <div>
    <h3
      className="yellow text-xl"
    >
      Location
    </h3>
    <p>
      4321 Rose Vally, EG
    </p>
  </div>
  <div>
    <h3
      className="yellow text-xl"
    >
      Working Hours
    </h3>
    <p>
      Mondat - Friday 10 am - 9pm
    </p>
  </div>
  <div>
    <h3
      className="dancing-font text-7xl"
    >
      Lambo
    </h3>
    <p>
      info@lambo.lambo
    </p>
  </div>
</footer>
`;
