// Jest Snapshot v1, https://goo.gl/fbAQLP

exports[`Hero Component has to match snap 1`] = `
<div
  className="flex justify-around items-center py-32 mx-32"
>
  <div
    className="text-gray-300 text-3xl w-96"
  >
    World's most delicious food you'll want to try!
  </div>
  <img
    alt="Hero pizza"
    className="w-96"
    src="pizza.png"
  />
</div>
`;
