// Jest Snapshot v1, https://goo.gl/fbAQLP

exports[`Meal Component has to match snap 1`] = `
<div
  className="h-96 w-full bg-white flex"
>
  <img
    alt="1"
    className="w-1/3 object-cover"
    src="1"
  />
  <div
    className="w-2/3 flex flex-col h-full justify-between p-10"
  >
    <h2
      className="text-5xl dancing-font font-bold"
    >
      1
    </h2>
    <h3
      className="text-5xl font-semibold "
    >
      1
    </h3>
    <a
      className="text-right yellow text-xl font-bold"
      href="/meal/1"
      onClick={[Function]}
    >
      More Details â†’
    </a>
  </div>
</div>
`;
